[forsage.io/index.html]
[backblue.gif]
[fade.gif]
[index.html]
[forsage.io/cdn-cgi/apps/head/l2XdADIArJvoHUsGHmuq4blsqI8.js]
[cdn.jsdelivr.net/npm/bootstrap@4.6.0/dist/css/bootstrap.min.css]
[cdn.jsdelivr.net/gh/fancyapps/fancybox@3.5.7/dist/jquery.fancybox.min.css]
[forsage.io/css/style.minfd29.css]
[forsage.io/assets/revealator/fm.revealator.jquery.css]
[use.fontawesome.com/releases/v5.6.1/css/all.css]
[forsage.io/img/favicon/apple-touch-iconf9e3.png]
[forsage.io/img/favicon/favicon-96x96f9e3.png]
[forsage.io/img/favicon/favicon-32x32f9e3.png]
[forsage.io/img/favicon/favicon-16x16f9e3.png]
[forsage.io/img/favicon/apple-icon-60x60f9e3.html]
[forsage.io/img/favicon/apple-icon-76x76f9e3.html]
[forsage.io/img/favicon/apple-icon-120x120f9e3.html]
[forsage.io/img/favicon/apple-icon-152x152f9e3.html]
[forsage.io/img/favicon/apple-icon-192x192f9e3.html]
[forsage.io/img/favicon/apple-icon-256x256f9e3.html]
[forsage.io/img/favicon/sitef9e3.webmanifest]
[forsage.io/img/favicon/faviconf9e3.ico]
[connect.facebook.net/en_US/fbevents.js]
[forsage.io/img/flags/en.svg]
[forsage.io/indexc69a.html]
[forsage.io/index9ed2.html]
[forsage.io/index3322.html]
[forsage.io/index2139.html]
[forsage.io/img/flags/de.svg]
[forsage.io/img/flags/es.svg]
[forsage.io/indexe68f.html]
[forsage.io/indexcf53.html]
[forsage.io/index8526.html]
[forsage.io/img/flags/ru.svg]
[forsage.io/img/flags/fr.svg]
[forsage.io/indexd6cc.html]
[forsage.io/index64f4.html]
[forsage.io/img/flags/it.svg]
[forsage.io/img/flags/az.svg]
[forsage.io/img/flags/ar.svg]
[forsage.io/img/flags/he.svg]
[forsage.io/img/logo/gradient_text.svg]
[img.youtube.com/vi/rtwV2Fr3bf8/hqdefault.jpg]
[forsage.io/img/flags/hi.svg]
[forsage.io/img/logo/logo-events.svg]
[forsage.io/img/icons/Busd.svg]
[forsage.io/img/logo/matrix_logo-x3.svg]
[forsage.io/img/logo/matrix_logo-x4.svg]
[forsage.io/img/planet.svg]
[forsage.io/img/logo/matrix_logo-xXx.svg]
[forsage.io/img/logo/matrix_logo-xGold.svg]
[forsage.io/img/cabinet1.png]
[forsage.io/img/logo/logo-footer.svg]
[forsage.io/docs/forsageDisclaimerEN.pdf]
[forsage.io/img/flags/pt.svg]
[forsage.io/img/flags/be.svg]
[forsage.io/img/flags/id.svg]
[code.jquery.com/jquery-3.6.0.min.js]
[cdnjs.cloudflare.com/ajax/libs/OwlCarousel2/2.3.4/owl.carousel.min.js]
[cdn.jsdelivr.net/gh/fancyapps/fancybox@3.5.7/dist/jquery.fancybox.min.js]
[forsage.io/js/materialize.min.js]
[forsage.io/assets/revealator/fm.revealator.jquery.js]
[forsage.io/js/index2d4c.js]
[forsage.io/js/common9eab.js]
[cdn.jsdelivr.net/npm/yandex-metrica-watch/tag.js]
[forsage.io/index.html]
[cdn.jsdelivr.net/npm/bootstrap@4.6.0/dist/css/bootstrap.min.css]
[cdn.jsdelivr.net/gh/fancyapps/fancybox@3.5.7/dist/jquery.fancybox.min.css]
[static.zdassets.com/ekr/snippet7d2d.js]
[forsage.io/fonts/SourceCodePro/SourceCodeProBoldf9e3.ttf]
[forsage.io/fonts/SourceCodePro/SourceCodeProf9e3.ttf]
[forsage.io/fonts/Montserrat/MontserratBoldf9e3.woff2]
[forsage.io/fonts/Montserrat/MontserratRegularf9e3.woff2]
[forsage.io/fonts/forsageIcons/forsageIconsf9e3.ttf]
[forsage.io/img/logo/big_puma_gold.png]
[forsage.io/img/icons/ringInCircle.html]
[forsage.io/css/style.minfd29.css]
[forsage.io/assets/revealator/fm.revealator.jquery.css]
[use.fontawesome.com/releases/v5.6.1/css/all.css]
[forsage.io/img/icons/selectArrow.html]
[forsage.io/img/favicon/apple-icon-60x609ed2.html]
[forsage.io/img/favicon/apple-icon-60x603322.html]
[forsage.io/img/favicon/apple-icon-60x60c69a.html]
[forsage.io/img/favicon/apple-icon-60x602139.html]
[forsage.io/img/favicon/apple-icon-60x60e68f.html]
[forsage.io/img/favicon/apple-icon-60x60cf53.html]
[forsage.io/img/favicon/apple-icon-60x608526.html]
[forsage.io/img/favicon/apple-icon-60x60d6cc.html]
[forsage.io/img/favicon/apple-icon-60x60f9e3.html]
[forsage.io/img/favicon/apple-icon-60x6064f4.html]
[forsage.io/img/favicon/apple-icon-76x769ed2.html]
[forsage.io/img/favicon/apple-icon-76x763322.html]
[forsage.io/img/favicon/apple-icon-76x76c69a.html]
[forsage.io/img/favicon/apple-icon-76x762139.html]
[forsage.io/img/favicon/apple-icon-76x76e68f.html]
[forsage.io/img/favicon/apple-icon-76x76cf53.html]
[forsage.io/img/favicon/apple-icon-76x768526.html]
[forsage.io/img/favicon/apple-icon-76x76d6cc.html]
[forsage.io/img/favicon/apple-icon-76x76f9e3.html]
[forsage.io/img/favicon/apple-icon-76x7664f4.html]
[forsage.io/img/favicon/apple-icon-120x1209ed2.html]
[forsage.io/img/favicon/apple-icon-120x1203322.html]
[forsage.io/img/favicon/apple-icon-120x120c69a.html]
[forsage.io/img/favicon/apple-icon-120x1202139.html]
[forsage.io/img/favicon/apple-icon-120x120e68f.html]
[forsage.io/img/favicon/apple-icon-120x120cf53.html]
[forsage.io/img/favicon/apple-icon-120x1208526.html]
[forsage.io/img/favicon/apple-icon-120x120d6cc.html]
[forsage.io/img/favicon/apple-icon-120x120f9e3.html]
[forsage.io/img/favicon/apple-icon-120x12064f4.html]
[forsage.io/img/favicon/apple-icon-152x1529ed2.html]
[forsage.io/img/favicon/apple-icon-152x1523322.html]
[forsage.io/img/favicon/apple-icon-152x152c69a.html]
[forsage.io/img/favicon/apple-icon-152x1522139.html]
[forsage.io/img/favicon/apple-icon-152x152e68f.html]
[forsage.io/img/favicon/apple-icon-152x152cf53.html]
[forsage.io/img/favicon/apple-icon-152x1528526.html]
[forsage.io/img/favicon/apple-icon-152x152d6cc.html]
[forsage.io/img/favicon/apple-icon-152x152f9e3.html]
[forsage.io/img/favicon/apple-icon-152x15264f4.html]
[forsage.io/img/favicon/apple-icon-192x1929ed2.html]
[forsage.io/img/favicon/apple-icon-192x1923322.html]
[forsage.io/img/favicon/apple-icon-192x192c69a.html]
[forsage.io/img/favicon/apple-icon-192x1922139.html]
[forsage.io/img/favicon/apple-icon-192x192e68f.html]
[forsage.io/img/favicon/apple-icon-192x192cf53.html]
[forsage.io/img/favicon/apple-icon-192x1928526.html]
[forsage.io/img/favicon/apple-icon-192x192d6cc.html]
[forsage.io/img/favicon/apple-icon-192x192f9e3.html]
[forsage.io/img/favicon/apple-icon-192x19264f4.html]
[forsage.io/img/favicon/apple-icon-256x2569ed2.html]
[forsage.io/img/favicon/apple-icon-256x2563322.html]
[forsage.io/img/favicon/apple-icon-256x256c69a.html]
[forsage.io/img/favicon/apple-icon-256x2562139.html]
[forsage.io/img/favicon/apple-icon-256x256e68f.html]
[forsage.io/img/favicon/apple-icon-256x256cf53.html]
[forsage.io/img/favicon/apple-icon-256x2568526.html]
[forsage.io/img/favicon/apple-icon-256x256d6cc.html]
[forsage.io/img/favicon/apple-icon-256x256f9e3.html]
[forsage.io/img/favicon/apple-icon-256x25664f4.html]
[forsage.io/c.html]
[forsage.io/b.html]
[connect.facebook.net/en_US/fbevents.js]
[www.googletagmanager.com/gtm5445.html]
[forsage.io/index9ed2.html]
[forsage.io/index3322.html]
[forsage.io/POST.html]
[forsage.io/indexc69a.html]
[forsage.io/docs/forsageDisclaimerRU.pdf]
[forsage.io/index2139.html]
[forsage.io/indexe68f.html]
[forsage.io/indexcf53.html]
[forsage.io/index8526.html]
[forsage.io/indexd6cc.html]
[forsage.io/index64f4.html]
[forsage.io/img/flags/en.svg]
[forsage.io/img/flags/de.svg]
[forsage.io/img/flags/es.svg]
[forsage.io/img/flags/ru.svg]
[forsage.io/img/flags/fr.svg]
[forsage.io/img/flags/it.svg]
[forsage.io/img/flags/az.svg]
[forsage.io/img/flags/ar.svg]
[forsage.io/img/flags/he.svg]
[forsage.io/img/logo/gradient_text.svg]
[forsage.io/img/planet.svg]
[forsage.io/img/flags/hi.svg]
[forsage.io/img/logo/logo-events.svg]
[forsage.io/img/icons/Busd.svg]
[forsage.io/img/logo/matrix_logo-x3.svg]
[forsage.io/img/logo/matrix_logo-x4.svg]
[forsage.io/img/logo/matrix_logo-xXx.svg]
[forsage.io/img/logo/matrix_logo-xGold.svg]
[forsage.io/img/logo/logo-footer.svg]
[forsage.io/img/flags/pt.svg]
[forsage.io/img/flags/be.svg]
[forsage.io/img/flags/id.svg]
[forsage.io/img/icons/ringInCircle9ed2.html]
[forsage.io/img/icons/ringInCircle3322.html]
[forsage.io/img/icons/ringInCirclec69a.html]
[forsage.io/img/icons/ringInCircle2139.html]
[forsage.io/img/icons/ringInCirclee68f.html]
[forsage.io/img/icons/ringInCirclecf53.html]
[forsage.io/img/icons/ringInCircle8526.html]
[forsage.io/img/icons/ringInCircled6cc.html]
[forsage.io/img/icons/ringInCircle.html]
[forsage.io/img/icons/ringInCircle64f4.html]
[forsage.io/img/icons/selectArrow9ed2.html]
[forsage.io/img/icons/selectArrow3322.html]
[forsage.io/img/icons/selectArrowc69a.html]
[forsage.io/img/icons/selectArrow2139.html]
[forsage.io/img/icons/selectArrowe68f.html]
[forsage.io/img/icons/selectArrowcf53.html]
[forsage.io/img/icons/selectArrow8526.html]
[forsage.io/img/icons/selectArrowd6cc.html]
[forsage.io/img/icons/selectArrow.html]
[forsage.io/img/favicon/apple-icon-60x609ed2.html]
[forsage.io/img/favicon/apple-icon-60x603322.html]
[forsage.io/img/favicon/apple-icon-60x60c69a.html]
[forsage.io/img/favicon/apple-icon-60x602139.html]
[forsage.io/img/favicon/apple-icon-60x60e68f.html]
[forsage.io/img/favicon/apple-icon-60x60cf53.html]
[forsage.io/img/favicon/apple-icon-60x608526.html]
[forsage.io/img/favicon/apple-icon-60x60d6cc.html]
[forsage.io/img/favicon/apple-icon-60x6064f4.html]
[forsage.io/img/favicon/apple-icon-76x769ed2.html]
[forsage.io/img/favicon/apple-icon-76x763322.html]
[forsage.io/img/favicon/apple-icon-76x76c69a.html]
[forsage.io/img/favicon/apple-icon-76x762139.html]
[forsage.io/img/favicon/apple-icon-76x76e68f.html]
[forsage.io/img/favicon/apple-icon-76x76cf53.html]
[forsage.io/img/favicon/apple-icon-76x768526.html]
[forsage.io/img/favicon/apple-icon-76x76d6cc.html]
[forsage.io/img/favicon/apple-icon-76x7664f4.html]
[forsage.io/img/favicon/apple-icon-120x1209ed2.html]
[forsage.io/img/favicon/apple-icon-120x1203322.html]
[forsage.io/img/favicon/apple-icon-120x120c69a.html]
[forsage.io/img/favicon/apple-icon-120x1202139.html]
[forsage.io/img/favicon/apple-icon-120x120e68f.html]
[forsage.io/img/favicon/apple-icon-120x120cf53.html]
[forsage.io/img/favicon/apple-icon-120x1208526.html]
[forsage.io/img/favicon/apple-icon-120x120d6cc.html]
[forsage.io/img/favicon/apple-icon-120x12064f4.html]
[forsage.io/img/favicon/apple-icon-152x1529ed2.html]
[forsage.io/img/favicon/apple-icon-152x1523322.html]
[forsage.io/img/favicon/apple-icon-152x152c69a.html]
[forsage.io/img/favicon/apple-icon-152x1522139.html]
[forsage.io/img/favicon/apple-icon-152x152e68f.html]
[forsage.io/img/favicon/apple-icon-152x152cf53.html]
[forsage.io/img/favicon/apple-icon-152x1528526.html]
[forsage.io/img/favicon/apple-icon-152x152d6cc.html]
[forsage.io/img/favicon/apple-icon-152x15264f4.html]
[forsage.io/img/favicon/apple-icon-192x1929ed2.html]
[forsage.io/img/favicon/apple-icon-192x1923322.html]
[forsage.io/img/favicon/apple-icon-192x192c69a.html]
[forsage.io/img/favicon/apple-icon-192x1922139.html]
[forsage.io/img/favicon/apple-icon-192x192e68f.html]
[forsage.io/img/favicon/apple-icon-192x192cf53.html]
[forsage.io/img/favicon/apple-icon-192x1928526.html]
[forsage.io/img/favicon/apple-icon-192x192d6cc.html]
[forsage.io/img/favicon/apple-icon-192x19264f4.html]
[forsage.io/img/favicon/apple-icon-256x2569ed2.html]
[forsage.io/img/favicon/apple-icon-256x2563322.html]
[forsage.io/img/favicon/apple-icon-256x256c69a.html]
[forsage.io/img/favicon/apple-icon-256x2562139.html]
[forsage.io/img/favicon/apple-icon-256x256e68f.html]
[forsage.io/img/favicon/apple-icon-256x256cf53.html]
[forsage.io/img/favicon/apple-icon-256x2568526.html]
[forsage.io/img/favicon/apple-icon-256x256d6cc.html]
[forsage.io/img/favicon/apple-icon-256x25664f4.html]
[forsage.io/img/icons/selectArrow64f4.html]
[forsage.io/c9ed2.html]
[forsage.io/c3322.html]
[forsage.io/cc69a.html]
[forsage.io/c2139.html]
[forsage.io/ce68f.html]
[forsage.io/ccf53.html]
[forsage.io/c8526.html]
[forsage.io/cd6cc.html]
[forsage.io/c.html]
[forsage.io/c64f4.html]
[forsage.io/b9ed2.html]
[forsage.io/b3322.html]
[forsage.io/bc69a.html]
[forsage.io/b2139.html]
[forsage.io/be68f.html]
[forsage.io/bcf53.html]
[forsage.io/b8526.html]
[forsage.io/bd6cc.html]
[forsage.io/b.html]
[forsage.io/b64f4.html]
[forsage.io/POST9ed2.html]
[forsage.io/POST3322.html]
[forsage.io/POSTc69a.html]
[forsage.io/POST2139.html]
[forsage.io/POSTe68f.html]
[forsage.io/POSTcf53.html]
[forsage.io/POST8526.html]
[forsage.io/POSTd6cc.html]
[forsage.io/POST.html]
[forsage.io/img/icons/ringInCircle9ed2.html]
[forsage.io/img/icons/ringInCircle3322.html]
[forsage.io/img/icons/ringInCirclec69a.html]
[forsage.io/img/icons/ringInCircle2139.html]
[forsage.io/img/icons/ringInCirclee68f.html]
[forsage.io/img/icons/ringInCirclecf53.html]
[forsage.io/img/icons/ringInCircle8526.html]
[forsage.io/img/icons/ringInCircled6cc.html]
[forsage.io/img/icons/ringInCircle64f4.html]
[forsage.io/img/icons/selectArrow9ed2.html]
[forsage.io/img/icons/selectArrow3322.html]
[forsage.io/img/icons/selectArrowc69a.html]
[forsage.io/img/icons/selectArrow2139.html]
[forsage.io/img/icons/selectArrowe68f.html]
[forsage.io/img/icons/selectArrowcf53.html]
[forsage.io/img/icons/selectArrow8526.html]
[forsage.io/img/icons/selectArrowd6cc.html]
[forsage.io/img/icons/selectArrow64f4.html]
[forsage.io/c9ed2.html]
[forsage.io/c3322.html]
[forsage.io/cc69a.html]
[forsage.io/c2139.html]
[forsage.io/ce68f.html]
[forsage.io/ccf53.html]
[forsage.io/c8526.html]
[forsage.io/cd6cc.html]
[forsage.io/c64f4.html]
[forsage.io/b9ed2.html]
[forsage.io/b3322.html]
[forsage.io/bc69a.html]
[forsage.io/POST64f4.html]
[forsage.io/b2139.html]
[forsage.io/be68f.html]
[forsage.io/bcf53.html]
[forsage.io/b8526.html]
[forsage.io/bd6cc.html]
[forsage.io/b64f4.html]
[forsage.io/POST9ed2.html]
[forsage.io/POST3322.html]
[forsage.io/POSTc69a.html]
[forsage.io/POST2139.html]
[forsage.io/POSTe68f.html]
[forsage.io/POSTcf53.html]
[forsage.io/POST8526.html]
[forsage.io/POSTd6cc.html]
[forsage.io/POST64f4.html]
[cdn.jsdelivr.net/npm/socket.io-client@2/dist/socket.io.js]
